core_cm4.h:1688:22:__NVIC_EnableIRQ	16	static
core_cm4.h:1762:22:__NVIC_SetPendingIRQ	16	static
core_cm4.h:1816:22:__NVIC_SetPriority	16	static
main.c:78:5:main	16	static
main.c:148:6:SystemClock_Config	88	static
main.c:193:13:MX_USART2_UART_Init	8	static
main.c:226:13:MX_GPIO_Init	56	static
main.c:361:13:vHandlertask	16	static
main.c:380:13:vPeriodictask	16	static
main.c:400:6:print_msg	16	static
main.c:405:13:prvSetupSoftwareInterrupt	8	static
main.c:420:6:EXTI15_10_IRQHandler	16	static,ignoring_inline_asm
main.c:470:6:HAL_TIM_PeriodElapsedCallback	16	static
main.c:487:6:Error_Handler	4	static,ignoring_inline_asm
