10:44:40 **** Incremental Build of configuration Debug for project 001Tasks ****
make -j8 all 
arm-none-eabi-gcc "../ThirdParty/SEGGER/config/SEGGER_SYSVIEW_Config_FreeRTOS.c" -mcpu=cortex-m4 -std=gnu11 -g3 -DDEBUG -DUSE_HAL_DRIVER -DSTM32F407xx -c -I../Core/Inc -I"D:/shoaib data/workspace/RTOS_workspace/001Tasks/ThirdParty/SEGGER/config" -I"D:/shoaib data/workspace/RTOS_workspace/001Tasks/ThirdParty/SEGGER/OS" -I"D:/shoaib data/workspace/RTOS_workspace/001Tasks/ThirdParty/SEGGER/SEGGER" -I"D:/shoaib data/workspace/RTOS_workspace/001Tasks/ThirdParty/FreeRTOS" -I"D:/shoaib data/workspace/RTOS_workspace/001Tasks/ThirdParty/FreeRTOS/include" -I"D:/shoaib data/workspace/RTOS_workspace/001Tasks/ThirdParty/FreeRTOS/portable/GCC/ARM_CM4F" -I../Drivers/STM32F4xx_HAL_Driver/Inc -I../Drivers/STM32F4xx_HAL_Driver/Inc/Legacy -I../Drivers/CMSIS/Device/ST/STM32F4xx/Include -I../Drivers/CMSIS/Include -O0 -ffunction-sections -fdata-sections -Wall -fstack-usage -MMD -MP -MF"ThirdParty/SEGGER/config/SEGGER_SYSVIEW_Config_FreeRTOS.d" -MT"ThirdParty/SEGGER/config/SEGGER_SYSVIEW_Config_FreeRTOS.o" --specs=nano.specs -mfpu=fpv4-sp-d16 -mfloat-abi=hard -mthumb -o "ThirdParty/SEGGER/config/SEGGER_SYSVIEW_Config_FreeRTOS.o"
arm-none-eabi-gcc "../ThirdParty/SEGGER/SEGGER/SEGGER_SYSVIEW.c" -mcpu=cortex-m4 -std=gnu11 -g3 -DDEBUG -DUSE_HAL_DRIVER -DSTM32F407xx -c -I../Core/Inc -I"D:/shoaib data/workspace/RTOS_workspace/001Tasks/ThirdParty/SEGGER/config" -I"D:/shoaib data/workspace/RTOS_workspace/001Tasks/ThirdParty/SEGGER/OS" -I"D:/shoaib data/workspace/RTOS_workspace/001Tasks/ThirdParty/SEGGER/SEGGER" -I"D:/shoaib data/workspace/RTOS_workspace/001Tasks/ThirdParty/FreeRTOS" -I"D:/shoaib data/workspace/RTOS_workspace/001Tasks/ThirdParty/FreeRTOS/include" -I"D:/shoaib data/workspace/RTOS_workspace/001Tasks/ThirdParty/FreeRTOS/portable/GCC/ARM_CM4F" -I../Drivers/STM32F4xx_HAL_Driver/Inc -I../Drivers/STM32F4xx_HAL_Driver/Inc/Legacy -I../Drivers/CMSIS/Device/ST/STM32F4xx/Include -I../Drivers/CMSIS/Include -O0 -ffunction-sections -fdata-sections -Wall -fstack-usage -MMD -MP -MF"ThirdParty/SEGGER/SEGGER/SEGGER_SYSVIEW.d" -MT"ThirdParty/SEGGER/SEGGER/SEGGER_SYSVIEW.o" --specs=nano.specs -mfpu=fpv4-sp-d16 -mfloat-abi=hard -mthumb -o "ThirdParty/SEGGER/SEGGER/SEGGER_SYSVIEW.o"
arm-none-eabi-gcc "../ThirdParty/SEGGER/Rec/segger_uart.c" -mcpu=cortex-m4 -std=gnu11 -g3 -DDEBUG -DUSE_HAL_DRIVER -DSTM32F407xx -c -I../Core/Inc -I"D:/shoaib data/workspace/RTOS_workspace/001Tasks/ThirdParty/SEGGER/config" -I"D:/shoaib data/workspace/RTOS_workspace/001Tasks/ThirdParty/SEGGER/OS" -I"D:/shoaib data/workspace/RTOS_workspace/001Tasks/ThirdParty/SEGGER/SEGGER" -I"D:/shoaib data/workspace/RTOS_workspace/001Tasks/ThirdParty/FreeRTOS" -I"D:/shoaib data/workspace/RTOS_workspace/001Tasks/ThirdParty/FreeRTOS/include" -I"D:/shoaib data/workspace/RTOS_workspace/001Tasks/ThirdParty/FreeRTOS/portable/GCC/ARM_CM4F" -I../Drivers/STM32F4xx_HAL_Driver/Inc -I../Drivers/STM32F4xx_HAL_Driver/Inc/Legacy -I../Drivers/CMSIS/Device/ST/STM32F4xx/Include -I../Drivers/CMSIS/Include -O0 -ffunction-sections -fdata-sections -Wall -fstack-usage -MMD -MP -MF"ThirdParty/SEGGER/Rec/segger_uart.d" -MT"ThirdParty/SEGGER/Rec/segger_uart.o" --specs=nano.specs -mfpu=fpv4-sp-d16 -mfloat-abi=hard -mthumb -o "ThirdParty/SEGGER/Rec/segger_uart.o"
arm-none-eabi-gcc "../ThirdParty/SEGGER/OS/SEGGER_SYSVIEW_FreeRTOS.c" -mcpu=cortex-m4 -std=gnu11 -g3 -DDEBUG -DUSE_HAL_DRIVER -DSTM32F407xx -c -I../Core/Inc -I"D:/shoaib data/workspace/RTOS_workspace/001Tasks/ThirdParty/SEGGER/config" -I"D:/shoaib data/workspace/RTOS_workspace/001Tasks/ThirdParty/SEGGER/OS" -I"D:/shoaib data/workspace/RTOS_workspace/001Tasks/ThirdParty/SEGGER/SEGGER" -I"D:/shoaib data/workspace/RTOS_workspace/001Tasks/ThirdParty/FreeRTOS" -I"D:/shoaib data/workspace/RTOS_workspace/001Tasks/ThirdParty/FreeRTOS/include" -I"D:/shoaib data/workspace/RTOS_workspace/001Tasks/ThirdParty/FreeRTOS/portable/GCC/ARM_CM4F" -I../Drivers/STM32F4xx_HAL_Driver/Inc -I../Drivers/STM32F4xx_HAL_Driver/Inc/Legacy -I../Drivers/CMSIS/Device/ST/STM32F4xx/Include -I../Drivers/CMSIS/Include -O0 -ffunction-sections -fdata-sections -Wall -fstack-usage -MMD -MP -MF"ThirdParty/SEGGER/OS/SEGGER_SYSVIEW_FreeRTOS.d" -MT"ThirdParty/SEGGER/OS/SEGGER_SYSVIEW_FreeRTOS.o" --specs=nano.specs -mfpu=fpv4-sp-d16 -mfloat-abi=hard -mthumb -o "ThirdParty/SEGGER/OS/SEGGER_SYSVIEW_FreeRTOS.o"
arm-none-eabi-gcc "../ThirdParty/FreeRTOS/portable/MemMang/heap_4.c" -mcpu=cortex-m4 -std=gnu11 -g3 -DDEBUG -DUSE_HAL_DRIVER -DSTM32F407xx -c -I../Core/Inc -I"D:/shoaib data/workspace/RTOS_workspace/001Tasks/ThirdParty/SEGGER/config" -I"D:/shoaib data/workspace/RTOS_workspace/001Tasks/ThirdParty/SEGGER/OS" -I"D:/shoaib data/workspace/RTOS_workspace/001Tasks/ThirdParty/SEGGER/SEGGER" -I"D:/shoaib data/workspace/RTOS_workspace/001Tasks/ThirdParty/FreeRTOS" -I"D:/shoaib data/workspace/RTOS_workspace/001Tasks/ThirdParty/FreeRTOS/include" -I"D:/shoaib data/workspace/RTOS_workspace/001Tasks/ThirdParty/FreeRTOS/portable/GCC/ARM_CM4F" -I../Drivers/STM32F4xx_HAL_Driver/Inc -I../Drivers/STM32F4xx_HAL_Driver/Inc/Legacy -I../Drivers/CMSIS/Device/ST/STM32F4xx/Include -I../Drivers/CMSIS/Include -O0 -ffunction-sections -fdata-sections -Wall -fstack-usage -MMD -MP -MF"ThirdParty/FreeRTOS/portable/MemMang/heap_4.d" -MT"ThirdParty/FreeRTOS/portable/MemMang/heap_4.o" --specs=nano.specs -mfpu=fpv4-sp-d16 -mfloat-abi=hard -mthumb -o "ThirdParty/FreeRTOS/portable/MemMang/heap_4.o"
arm-none-eabi-gcc "../ThirdParty/FreeRTOS/portable/GCC/ARM_CM4F/port.c" -mcpu=cortex-m4 -std=gnu11 -g3 -DDEBUG -DUSE_HAL_DRIVER -DSTM32F407xx -c -I../Core/Inc -I"D:/shoaib data/workspace/RTOS_workspace/001Tasks/ThirdParty/SEGGER/config" -I"D:/shoaib data/workspace/RTOS_workspace/001Tasks/ThirdParty/SEGGER/OS" -I"D:/shoaib data/workspace/RTOS_workspace/001Tasks/ThirdParty/SEGGER/SEGGER" -I"D:/shoaib data/workspace/RTOS_workspace/001Tasks/ThirdParty/FreeRTOS" -I"D:/shoaib data/workspace/RTOS_workspace/001Tasks/ThirdParty/FreeRTOS/include" -I"D:/shoaib data/workspace/RTOS_workspace/001Tasks/ThirdParty/FreeRTOS/portable/GCC/ARM_CM4F" -I../Drivers/STM32F4xx_HAL_Driver/Inc -I../Drivers/STM32F4xx_HAL_Driver/Inc/Legacy -I../Drivers/CMSIS/Device/ST/STM32F4xx/Include -I../Drivers/CMSIS/Include -O0 -ffunction-sections -fdata-sections -Wall -fstack-usage -MMD -MP -MF"ThirdParty/FreeRTOS/portable/GCC/ARM_CM4F/port.d" -MT"ThirdParty/FreeRTOS/portable/GCC/ARM_CM4F/port.o" --specs=nano.specs -mfpu=fpv4-sp-d16 -mfloat-abi=hard -mthumb -o "ThirdParty/FreeRTOS/portable/GCC/ARM_CM4F/port.o"
arm-none-eabi-gcc "../ThirdParty/FreeRTOS/croutine.c" -mcpu=cortex-m4 -std=gnu11 -g3 -DDEBUG -DUSE_HAL_DRIVER -DSTM32F407xx -c -I../Core/Inc -I"D:/shoaib data/workspace/RTOS_workspace/001Tasks/ThirdParty/SEGGER/config" -I"D:/shoaib data/workspace/RTOS_workspace/001Tasks/ThirdParty/SEGGER/OS" -I"D:/shoaib data/workspace/RTOS_workspace/001Tasks/ThirdParty/SEGGER/SEGGER" -I"D:/shoaib data/workspace/RTOS_workspace/001Tasks/ThirdParty/FreeRTOS" -I"D:/shoaib data/workspace/RTOS_workspace/001Tasks/ThirdParty/FreeRTOS/include" -I"D:/shoaib data/workspace/RTOS_workspace/001Tasks/ThirdParty/FreeRTOS/portable/GCC/ARM_CM4F" -I../Drivers/STM32F4xx_HAL_Driver/Inc -I../Drivers/STM32F4xx_HAL_Driver/Inc/Legacy -I../Drivers/CMSIS/Device/ST/STM32F4xx/Include -I../Drivers/CMSIS/Include -O0 -ffunction-sections -fdata-sections -Wall -fstack-usage -MMD -MP -MF"ThirdParty/FreeRTOS/croutine.d" -MT"ThirdParty/FreeRTOS/croutine.o" --specs=nano.specs -mfpu=fpv4-sp-d16 -mfloat-abi=hard -mthumb -o "ThirdParty/FreeRTOS/croutine.o"
arm-none-eabi-gcc "../ThirdParty/FreeRTOS/event_groups.c" -mcpu=cortex-m4 -std=gnu11 -g3 -DDEBUG -DUSE_HAL_DRIVER -DSTM32F407xx -c -I../Core/Inc -I"D:/shoaib data/workspace/RTOS_workspace/001Tasks/ThirdParty/SEGGER/config" -I"D:/shoaib data/workspace/RTOS_workspace/001Tasks/ThirdParty/SEGGER/OS" -I"D:/shoaib data/workspace/RTOS_workspace/001Tasks/ThirdParty/SEGGER/SEGGER" -I"D:/shoaib data/workspace/RTOS_workspace/001Tasks/ThirdParty/FreeRTOS" -I"D:/shoaib data/workspace/RTOS_workspace/001Tasks/ThirdParty/FreeRTOS/include" -I"D:/shoaib data/workspace/RTOS_workspace/001Tasks/ThirdParty/FreeRTOS/portable/GCC/ARM_CM4F" -I../Drivers/STM32F4xx_HAL_Driver/Inc -I../Drivers/STM32F4xx_HAL_Driver/Inc/Legacy -I../Drivers/CMSIS/Device/ST/STM32F4xx/Include -I../Drivers/CMSIS/Include -O0 -ffunction-sections -fdata-sections -Wall -fstack-usage -MMD -MP -MF"ThirdParty/FreeRTOS/event_groups.d" -MT"ThirdParty/FreeRTOS/event_groups.o" --specs=nano.specs -mfpu=fpv4-sp-d16 -mfloat-abi=hard -mthumb -o "ThirdParty/FreeRTOS/event_groups.o"
arm-none-eabi-gcc "../ThirdParty/FreeRTOS/list.c" -mcpu=cortex-m4 -std=gnu11 -g3 -DDEBUG -DUSE_HAL_DRIVER -DSTM32F407xx -c -I../Core/Inc -I"D:/shoaib data/workspace/RTOS_workspace/001Tasks/ThirdParty/SEGGER/config" -I"D:/shoaib data/workspace/RTOS_workspace/001Tasks/ThirdParty/SEGGER/OS" -I"D:/shoaib data/workspace/RTOS_workspace/001Tasks/ThirdParty/SEGGER/SEGGER" -I"D:/shoaib data/workspace/RTOS_workspace/001Tasks/ThirdParty/FreeRTOS" -I"D:/shoaib data/workspace/RTOS_workspace/001Tasks/ThirdParty/FreeRTOS/include" -I"D:/shoaib data/workspace/RTOS_workspace/001Tasks/ThirdParty/FreeRTOS/portable/GCC/ARM_CM4F" -I../Drivers/STM32F4xx_HAL_Driver/Inc -I../Drivers/STM32F4xx_HAL_Driver/Inc/Legacy -I../Drivers/CMSIS/Device/ST/STM32F4xx/Include -I../Drivers/CMSIS/Include -O0 -ffunction-sections -fdata-sections -Wall -fstack-usage -MMD -MP -MF"ThirdParty/FreeRTOS/list.d" -MT"ThirdParty/FreeRTOS/list.o" --specs=nano.specs -mfpu=fpv4-sp-d16 -mfloat-abi=hard -mthumb -o "ThirdParty/FreeRTOS/list.o"
arm-none-eabi-gcc "../ThirdParty/FreeRTOS/queue.c" -mcpu=cortex-m4 -std=gnu11 -g3 -DDEBUG -DUSE_HAL_DRIVER -DSTM32F407xx -c -I../Core/Inc -I"D:/shoaib data/workspace/RTOS_workspace/001Tasks/ThirdParty/SEGGER/config" -I"D:/shoaib data/workspace/RTOS_workspace/001Tasks/ThirdParty/SEGGER/OS" -I"D:/shoaib data/workspace/RTOS_workspace/001Tasks/ThirdParty/SEGGER/SEGGER" -I"D:/shoaib data/workspace/RTOS_workspace/001Tasks/ThirdParty/FreeRTOS" -I"D:/shoaib data/workspace/RTOS_workspace/001Tasks/ThirdParty/FreeRTOS/include" -I"D:/shoaib data/workspace/RTOS_workspace/001Tasks/ThirdParty/FreeRTOS/portable/GCC/ARM_CM4F" -I../Drivers/STM32F4xx_HAL_Driver/Inc -I../Drivers/STM32F4xx_HAL_Driver/Inc/Legacy -I../Drivers/CMSIS/Device/ST/STM32F4xx/Include -I../Drivers/CMSIS/Include -O0 -ffunction-sections -fdata-sections -Wall -fstack-usage -MMD -MP -MF"ThirdParty/FreeRTOS/queue.d" -MT"ThirdParty/FreeRTOS/queue.o" --specs=nano.specs -mfpu=fpv4-sp-d16 -mfloat-abi=hard -mthumb -o "ThirdParty/FreeRTOS/queue.o"
arm-none-eabi-gcc "../ThirdParty/FreeRTOS/stream_buffer.c" -mcpu=cortex-m4 -std=gnu11 -g3 -DDEBUG -DUSE_HAL_DRIVER -DSTM32F407xx -c -I../Core/Inc -I"D:/shoaib data/workspace/RTOS_workspace/001Tasks/ThirdParty/SEGGER/config" -I"D:/shoaib data/workspace/RTOS_workspace/001Tasks/ThirdParty/SEGGER/OS" -I"D:/shoaib data/workspace/RTOS_workspace/001Tasks/ThirdParty/SEGGER/SEGGER" -I"D:/shoaib data/workspace/RTOS_workspace/001Tasks/ThirdParty/FreeRTOS" -I"D:/shoaib data/workspace/RTOS_workspace/001Tasks/ThirdParty/FreeRTOS/include" -I"D:/shoaib data/workspace/RTOS_workspace/001Tasks/ThirdParty/FreeRTOS/portable/GCC/ARM_CM4F" -I../Drivers/STM32F4xx_HAL_Driver/Inc -I../Drivers/STM32F4xx_HAL_Driver/Inc/Legacy -I../Drivers/CMSIS/Device/ST/STM32F4xx/Include -I../Drivers/CMSIS/Include -O0 -ffunction-sections -fdata-sections -Wall -fstack-usage -MMD -MP -MF"ThirdParty/FreeRTOS/stream_buffer.d" -MT"ThirdParty/FreeRTOS/stream_buffer.o" --specs=nano.specs -mfpu=fpv4-sp-d16 -mfloat-abi=hard -mthumb -o "ThirdParty/FreeRTOS/stream_buffer.o"
arm-none-eabi-gcc "../ThirdParty/FreeRTOS/tasks.c" -mcpu=cortex-m4 -std=gnu11 -g3 -DDEBUG -DUSE_HAL_DRIVER -DSTM32F407xx -c -I../Core/Inc -I"D:/shoaib data/workspace/RTOS_workspace/001Tasks/ThirdParty/SEGGER/config" -I"D:/shoaib data/workspace/RTOS_workspace/001Tasks/ThirdParty/SEGGER/OS" -I"D:/shoaib data/workspace/RTOS_workspace/001Tasks/ThirdParty/SEGGER/SEGGER" -I"D:/shoaib data/workspace/RTOS_workspace/001Tasks/ThirdParty/FreeRTOS" -I"D:/shoaib data/workspace/RTOS_workspace/001Tasks/ThirdParty/FreeRTOS/include" -I"D:/shoaib data/workspace/RTOS_workspace/001Tasks/ThirdParty/FreeRTOS/portable/GCC/ARM_CM4F" -I../Drivers/STM32F4xx_HAL_Driver/Inc -I../Drivers/STM32F4xx_HAL_Driver/Inc/Legacy -I../Drivers/CMSIS/Device/ST/STM32F4xx/Include -I../Drivers/CMSIS/Include -O0 -ffunction-sections -fdata-sections -Wall -fstack-usage -MMD -MP -MF"ThirdParty/FreeRTOS/tasks.d" -MT"ThirdParty/FreeRTOS/tasks.o" --specs=nano.specs -mfpu=fpv4-sp-d16 -mfloat-abi=hard -mthumb -o "ThirdParty/FreeRTOS/tasks.o"
arm-none-eabi-gcc "../ThirdParty/FreeRTOS/timers.c" -mcpu=cortex-m4 -std=gnu11 -g3 -DDEBUG -DUSE_HAL_DRIVER -DSTM32F407xx -c -I../Core/Inc -I"D:/shoaib data/workspace/RTOS_workspace/001Tasks/ThirdParty/SEGGER/config" -I"D:/shoaib data/workspace/RTOS_workspace/001Tasks/ThirdParty/SEGGER/OS" -I"D:/shoaib data/workspace/RTOS_workspace/001Tasks/ThirdParty/SEGGER/SEGGER" -I"D:/shoaib data/workspace/RTOS_workspace/001Tasks/ThirdParty/FreeRTOS" -I"D:/shoaib data/workspace/RTOS_workspace/001Tasks/ThirdParty/FreeRTOS/include" -I"D:/shoaib data/workspace/RTOS_workspace/001Tasks/ThirdParty/FreeRTOS/portable/GCC/ARM_CM4F" -I../Drivers/STM32F4xx_HAL_Driver/Inc -I../Drivers/STM32F4xx_HAL_Driver/Inc/Legacy -I../Drivers/CMSIS/Device/ST/STM32F4xx/Include -I../Drivers/CMSIS/Include -O0 -ffunction-sections -fdata-sections -Wall -fstack-usage -MMD -MP -MF"ThirdParty/FreeRTOS/timers.d" -MT"ThirdParty/FreeRTOS/timers.o" --specs=nano.specs -mfpu=fpv4-sp-d16 -mfloat-abi=hard -mthumb -o "ThirdParty/FreeRTOS/timers.o"
arm-none-eabi-gcc "../Core/Src/main.c" -mcpu=cortex-m4 -std=gnu11 -g3 -DDEBUG -DUSE_HAL_DRIVER -DSTM32F407xx -c -I../Core/Inc -I"D:/shoaib data/workspace/RTOS_workspace/001Tasks/ThirdParty/SEGGER/config" -I"D:/shoaib data/workspace/RTOS_workspace/001Tasks/ThirdParty/SEGGER/OS" -I"D:/shoaib data/workspace/RTOS_workspace/001Tasks/ThirdParty/SEGGER/SEGGER" -I"D:/shoaib data/workspace/RTOS_workspace/001Tasks/ThirdParty/FreeRTOS" -I"D:/shoaib data/workspace/RTOS_workspace/001Tasks/ThirdParty/FreeRTOS/include" -I"D:/shoaib data/workspace/RTOS_workspace/001Tasks/ThirdParty/FreeRTOS/portable/GCC/ARM_CM4F" -I../Drivers/STM32F4xx_HAL_Driver/Inc -I../Drivers/STM32F4xx_HAL_Driver/Inc/Legacy -I../Drivers/CMSIS/Device/ST/STM32F4xx/Include -I../Drivers/CMSIS/Include -O0 -ffunction-sections -fdata-sections -Wall -fstack-usage -MMD -MP -MF"Core/Src/main.d" -MT"Core/Src/main.o" --specs=nano.specs -mfpu=fpv4-sp-d16 -mfloat-abi=hard -mthumb -o "Core/Src/main.o"
arm-none-eabi-gcc "../Core/Src/stm32f4xx_hal_msp.c" -mcpu=cortex-m4 -std=gnu11 -g3 -DDEBUG -DUSE_HAL_DRIVER -DSTM32F407xx -c -I../Core/Inc -I"D:/shoaib data/workspace/RTOS_workspace/001Tasks/ThirdParty/SEGGER/config" -I"D:/shoaib data/workspace/RTOS_workspace/001Tasks/ThirdParty/SEGGER/OS" -I"D:/shoaib data/workspace/RTOS_workspace/001Tasks/ThirdParty/SEGGER/SEGGER" -I"D:/shoaib data/workspace/RTOS_workspace/001Tasks/ThirdParty/FreeRTOS" -I"D:/shoaib data/workspace/RTOS_workspace/001Tasks/ThirdParty/FreeRTOS/include" -I"D:/shoaib data/workspace/RTOS_workspace/001Tasks/ThirdParty/FreeRTOS/portable/GCC/ARM_CM4F" -I../Drivers/STM32F4xx_HAL_Driver/Inc -I../Drivers/STM32F4xx_HAL_Driver/Inc/Legacy -I../Drivers/CMSIS/Device/ST/STM32F4xx/Include -I../Drivers/CMSIS/Include -O0 -ffunction-sections -fdata-sections -Wall -fstack-usage -MMD -MP -MF"Core/Src/stm32f4xx_hal_msp.d" -MT"Core/Src/stm32f4xx_hal_msp.o" --specs=nano.specs -mfpu=fpv4-sp-d16 -mfloat-abi=hard -mthumb -o "Core/Src/stm32f4xx_hal_msp.o"
arm-none-eabi-gcc -o "001Tasks.elf" @"objects.list"   -mcpu=cortex-m4 -T"D:\shoaib data\workspace\RTOS_workspace\001Tasks\STM32F407VGTX_FLASH.ld" --specs=nosys.specs -Wl,-Map="001Tasks.map" -Wl,--gc-sections -static --specs=nano.specs -mfpu=fpv4-sp-d16 -mfloat-abi=hard -mthumb -Wl,--start-group -lc -lm -Wl,--end-group
Finished building target: 001Tasks.elf
 
arm-none-eabi-size   001Tasks.elf 
arm-none-eabi-objdump -h -S  001Tasks.elf  > "001Tasks.list"
arm-none-eabi-objcopy  -O binary  001Tasks.elf  "001Tasks.bin"
   text	   data	    bss	    dec	    hex	filename
  30112	    128	  84648	 114888	  1c0c8	001Tasks.elf
Finished building: default.size.stdout
 
Finished building: 001Tasks.bin
 
Finished building: 001Tasks.list
 

10:44:43 Build Finished. 0 errors, 0 warnings. (took 2s.454ms)

