08:59:51 **** Incremental Build of configuration Debug for project 007Task_Pri ****
make -j8 all 
arm-none-eabi-gcc "../Core/Src/main1.c" -mcpu=cortex-m4 -std=gnu11 -g3 -DDEBUG -DUSE_HAL_DRIVER -DSTM32F407xx -c -I../Core/Inc -I../Drivers/STM32F4xx_HAL_Driver/Inc -I../Drivers/STM32F4xx_HAL_Driver/Inc/Legacy -I../Drivers/CMSIS/Device/ST/STM32F4xx/Include -I../Drivers/CMSIS/Include -I"D:/shoaib data/workspace/RTOS_workspace/common/ThirdParty/FreeRTOS/include" -I"D:/shoaib data/workspace/RTOS_workspace/common/ThirdParty/FreeRTOS/portable/GCC/ARM_CM4F" -I"D:/shoaib data/workspace/RTOS_workspace/common/ThirdParty/SEGGER/config" -I"D:/shoaib data/workspace/RTOS_workspace/common/ThirdParty/SEGGER/OS" -I"D:/shoaib data/workspace/RTOS_workspace/common/ThirdParty/SEGGER/SEGGER" -O0 -ffunction-sections -fdata-sections -Wall -fstack-usage -MMD -MP -MF"Core/Src/main1.d" -MT"Core/Src/main1.o" --specs=nano.specs -mfpu=fpv4-sp-d16 -mfloat-abi=hard -mthumb -o "Core/Src/main1.o"
../Core/Src/main1.c: In function 'main':
../Core/Src/main1.c:105:3: warning: implicit declaration of function 'SEGGER_UART_init'; did you mean 'SEGGER_UART_REC'? [-Wimplicit-function-declaration]
  105 |   SEGGER_UART_init(500000);
      |   ^~~~~~~~~~~~~~~~
      |   SEGGER_UART_REC
../Core/Src/main1.c: In function 'led_green_handler':
../Core/Src/main1.c:360:6: warning: 'status' is used uninitialized in this function [-Wuninitialized]
  360 |   if (status== pdTRUE)
      |      ^
arm-none-eabi-gcc -o "007Task_Pri.elf" @"objects.list"   -mcpu=cortex-m4 -T"D:\shoaib data\workspace\RTOS_workspace\007Task_Pri\STM32F407VGTX_FLASH.ld" --specs=nosys.specs -Wl,-Map="007Task_Pri.map" -Wl,--gc-sections -static --specs=nano.specs -mfpu=fpv4-sp-d16 -mfloat-abi=hard -mthumb -Wl,--start-group -lc -lm -Wl,--end-group
Finished building target: 007Task_Pri.elf
 
arm-none-eabi-size   007Task_Pri.elf 
arm-none-eabi-objdump -h -S  007Task_Pri.elf  > "007Task_Pri.list"
arm-none-eabi-objcopy  -O binary  007Task_Pri.elf  "007Task_Pri.bin"
   text	   data	    bss	    dec	    hex	filename
  32380	     36	  84644	 117060	  1c944	007Task_Pri.elf
Finished building: default.size.stdout
 
Finished building: 007Task_Pri.bin
 
Finished building: 007Task_Pri.list
 

08:59:52 Build Finished. 0 errors, 2 warnings. (took 1s.438ms)

