08:28:26 **** Incremental Build of configuration Debug for project 008A_Queues_n_timers ****
make -j8 all 
arm-none-eabi-gcc "../Core/Src/task_handler.c" -mcpu=cortex-m4 -std=gnu11 -g3 -DDEBUG -DUSE_HAL_DRIVER -DSTM32F407xx -c -I../Core/Inc -I../Drivers/STM32F4xx_HAL_Driver/Inc -I../Drivers/STM32F4xx_HAL_Driver/Inc/Legacy -I../Drivers/CMSIS/Device/ST/STM32F4xx/Include -I../Drivers/CMSIS/Include -I"D:/shoaib data/workspace/RTOS_workspace/common/ThirdParty/FreeRTOS/include" -I"D:/shoaib data/workspace/RTOS_workspace/common/ThirdParty/FreeRTOS/portable/GCC/ARM_CM4F" -I"D:/shoaib data/workspace/RTOS_workspace/common/ThirdParty/SEGGER/config" -I"D:/shoaib data/workspace/RTOS_workspace/common/ThirdParty/SEGGER/OS" -I"D:/shoaib data/workspace/RTOS_workspace/common/ThirdParty/SEGGER/SEGGER" -O0 -ffunction-sections -fdata-sections -Wall -fstack-usage -MMD -MP -MF"Core/Src/task_handler.d" -MT"Core/Src/task_handler.o" --specs=nano.specs -mfpu=fpv4-sp-d16 -mfloat-abi=hard -mthumb -o "Core/Src/task_handler.o"
arm-none-eabi-gcc -o "008A_Queues_n_timers.elf" @"objects.list"   -mcpu=cortex-m4 -T"D:\shoaib data\workspace\RTOS_workspace\008A_Queues_n_timers\STM32F407VGTX_FLASH.ld" --specs=nosys.specs -Wl,-Map="008A_Queues_n_timers.map" -Wl,--gc-sections -static --specs=nano.specs -mfpu=fpv4-sp-d16 -mfloat-abi=hard -mthumb -Wl,--start-group -lc -lm -Wl,--end-group
Finished building target: 008A_Queues_n_timers.elf
 
arm-none-eabi-size   008A_Queues_n_timers.elf 
arm-none-eabi-objdump -h -S  008A_Queues_n_timers.elf  > "008A_Queues_n_timers.list"
arm-none-eabi-objcopy  -O binary  008A_Queues_n_timers.elf  "008A_Queues_n_timers.bin"
   text	   data	    bss	    dec	    hex	filename
  28200	     40	  79024	 107264	  1a300	008A_Queues_n_timers.elf
Finished building: default.size.stdout
 
Finished building: 008A_Queues_n_timers.bin
 
Finished building: 008A_Queues_n_timers.list
 
08:28:36 **** Incremental Build of configuration Debug for project 008A_Queues_n_timers ****
make -j8 all 
arm-none-eabi-size   008A_Queues_n_timers.elf 
   text	   data	    bss	    dec	    hex	filename
  28200	     40	  79024	 107264	  1a300	008A_Queues_n_timers.elf
Finished building: default.size.stdout
 
